Godot Engine v4.8.dev4.official.b56a91878 - https://godotengine.org

[CrystalBridge] Initializing generic Crystal GDExtension host...
[CrystalBridge] Initializing generic Crystal GDExtension host...
[CrystalBridge] Loaded game library from C:\Users\Ian\Documents\libgodot\demo\bin\game.dll via shadow copy C:\Users\Ian\Documents\libgodot\demo\bin\game_loaded.dll
[CrystalBridge] Loaded game library from C:\Users\Ian\Documents\libgodot\demo\bin\game.dll via shadow copy C:\Users\Ian\Documents\libgodot\demo\bin\game_loaded.dll
[Crystal Demo] Successfully loaded interactive showcase with 6 nodes!
[CrystalBridge] Initializing Crystal runtime from game.dll...
[CrystalBridge] Initializing Crystal runtime from game.dll...
[CrystalBridge] Step 1: Getting CharacterBody3D method binds...
[CrystalBridge] Step 1: Getting CharacterBody3D method binds...
[CrystalBridge]   move_and_slide: Pointer(Void)@0x2da09883f80
[CrystalBridge]   move_and_slide: Pointer(Void)@0x2da09883f80
[CrystalBridge]   is_on_floor: Pointer(Void)@0x2da09886b80
[CrystalBridge]   is_on_floor: Pointer(Void)@0x2da09886b80
[CrystalBridge]   get_velocity: Pointer(Void)@0x2da09884d80
[CrystalBridge]   get_velocity: Pointer(Void)@0x2da09884d80
[CrystalBridge]   set_velocity: Pointer(Void)@0x2da09884b00
[CrystalBridge]   set_velocity: Pointer(Void)@0x2da09884b00
[CrystalBridge] Step 2: Getting Input singleton...
[CrystalBridge] Step 2: Getting Input singleton...
[CrystalBridge]   singleton_input: Pointer(Void)@0x2da08640a90
[CrystalBridge]   singleton_input: Pointer(Void)@0x2da08640a90
[CrystalBridge]   is_key_pressed: Pointer(Void)@0x2da07d66f50
[CrystalBridge]   is_key_pressed: Pointer(Void)@0x2da07d66f50
[CrystalBridge]   is_action_just_pressed: Pointer(Void)@0x2da07d67050
[CrystalBridge]   is_action_just_pressed: Pointer(Void)@0x2da07d67050
[CrystalBridge]   is_action_pressed: Pointer(Void)@0x2da07d66ed0
[CrystalBridge]   is_action_pressed: Pointer(Void)@0x2da07d66ed0
[CrystalBridge] Step 3: ClassRegistry has 6 entries
[CrystalBridge] Step 3: ClassRegistry has 6 entries
[CrystalBridge]   Registering entry: DemoScene < Node (props=0, sigs=0)...
[CrystalBridge]   Registering entry: DemoScene < Node (props=0, sigs=0)...
[CrystalBridge]   Calling api.register_class for DemoScene...
[CrystalBridge]   Calling api.register_class for DemoScene...
  [ClassDB] Registered DemoScene < Node
  [ClassDB] Registered DemoScene < Node
[CrystalBridge]   Done registering DemoScene!
[CrystalBridge]   Done registering DemoScene!
[CrystalBridge]   Registering entry: SpinningCrystal < Node3D (props=7, sigs=1)...
[CrystalBridge]   Registering entry: SpinningCrystal < Node3D (props=7, sigs=1)...
[CrystalBridge]   Calling api.register_class for SpinningCrystal...
[CrystalBridge]   Calling api.register_class for SpinningCrystal...
  [ClassDB] Registered SpinningCrystal < Node3D
  [ClassDB] Registered SpinningCrystal < Node3D
[CrystalBridge]   Done registering SpinningCrystal!
[CrystalBridge]   Done registering SpinningCrystal!
[CrystalBridge]   Registering entry: DemoCharacter < CharacterBody3D (props=10, sigs=3)...
[CrystalBridge]   Registering entry: DemoCharacter < CharacterBody3D (props=10, sigs=3)...
[CrystalBridge]   Calling api.register_class for DemoCharacter...
[CrystalBridge]   Calling api.register_class for DemoCharacter...
  [ClassDB] Registered DemoCharacter < CharacterBody3D
  [ClassDB] Registered DemoCharacter < CharacterBody3D
[CrystalBridge]   Done registering DemoCharacter!
[CrystalBridge]   Done registering DemoCharacter!
[CrystalBridge]   Registering entry: DemoPlayer < DemoCharacter (props=0, sigs=0)...
[CrystalBridge]   Registering entry: DemoPlayer < DemoCharacter (props=0, sigs=0)...
[CrystalBridge]   Calling api.register_class for DemoPlayer...
[CrystalBridge]   Calling api.register_class for DemoPlayer...
  [ClassDB] Registered DemoPlayer < DemoCharacter
  [ClassDB] Registered DemoPlayer < DemoCharacter
[CrystalBridge]   Done registering DemoPlayer!
[CrystalBridge]   Done registering DemoPlayer!
[CrystalBridge]   Registering entry: CompanionController < Node (props=1, sigs=0)...
[CrystalBridge]   Registering entry: CompanionController < Node (props=1, sigs=0)...
[CrystalBridge]   Calling api.register_class for CompanionController...
[CrystalBridge]   Calling api.register_class for CompanionController...
  [ClassDB] Registered CompanionController < Node
  [ClassDB] Registered CompanionController < Node
[CrystalBridge]   Done registering CompanionController!
[CrystalBridge]   Done registering CompanionController!
[CrystalBridge]   Registering entry: DemoHUD < Control (props=0, sigs=0)...
[CrystalBridge]   Registering entry: DemoHUD < Control (props=0, sigs=0)...
[CrystalBridge]   Calling api.register_class for DemoHUD...
[CrystalBridge]   Calling api.register_class for DemoHUD...
  [ClassDB] Registered DemoHUD < Control
  [ClassDB] Registered DemoHUD < Control
[CrystalBridge]   Done registering DemoHUD!
[CrystalBridge]   Done registering DemoHUD!
[CrystalBridge] Successfully registered 6 Crystal classes with Godot!
[CrystalBridge] Successfully registered 6 Crystal classes with Godot!
[SpinningCrystal] Ready at (0.0, 0.0, 0.0) with value 100!
[SpinningCrystal] Ready at (0.0, 0.0, 0.0) with value 100!
[SpinningCrystal] Ready at (0.0, 0.0, 0.0) with value 250!
[SpinningCrystal] Ready at (0.0, 0.0, 0.0) with value 250!
[SpinningCrystal] Ready at (0.0, 0.0, 0.0) with value 150!
[SpinningCrystal] Ready at (0.0, 0.0, 0.0) with value 150!
[SpinningCrystal] Ready at (0.0, 0.0, 0.0) with value 500!
[SpinningCrystal] Ready at (0.0, 0.0, 0.0) with value 500!
[CompanionController] Initialized GDScript interop bindings!
[CompanionController] Initialized GDScript interop bindings!
[GDScript] Calling calculate_bonus on Pointer(Void)@0x2da0c7c3440
[GDScript] Calling calculate_bonus on Pointer(Void)@0x2da0c7c3440
[GDScript] Calling static get_system_status
[GDScript] Calling static get_system_status
[DemoHUD] HUD activated with Range cohesion and health bar tracking.
[DemoHUD] HUD activated with Range cohesion and health bar tracking.
[DemoHUD] Created Godot::Range with bounds: 0.0..100.0
[DemoHUD] Created Godot::Range with bounds: 0.0..100.0
==================================================================
==================================================================
       Welcome to the Crystal LibGodot 4.8 Interactive Demo!      
       Welcome to the Crystal LibGodot 4.8 Interactive Demo!      
  Move: WASD / Arrows | Sprint: Shift | Jump: Space | Dash: E     
  Move: WASD / Arrows | Sprint: Shift | Jump: Space | Dash: E     
  Actions: H=Heal | J=Damage | R=Respawn Gems | C=Companion Chat  
  Actions: H=Heal | J=Damage | R=Respawn Gems | C=Companion Chat  
  Walk near floating crystals to collect them and earn score!     
  Walk near floating crystals to collect them and earn score!     
==================================================================
==================================================================
[CrystalBridge] Unregistering Crystal classes...
[CrystalBridge] Unregistering Crystal classes...
[CrystalBridge] Crystal module deinitialized.
